Command: C:\Espressif\python_env\idf5.5_py3.11_env\Scripts\python.exe C:\Espressif\frameworks\esp-idf-v5.5.1\tools/idf_monitor.py -p COM22 -b 115200 --toolchain-prefix xtensa-esp32-elf- --target esp32 --revision 0 D:\my_first_app\build\my_first_app.elf D:\my_first_app\build\bootloader\bootloader.elf --force-color -m 'C:\Espressif\python_env\idf5.5_py3.11_env\Scripts\python.exe' 'C:\Espressif\frameworks\esp-idf-v5.5.1\tools\idf.py' '-p' 'COM22'
2 22 33 20
2 22 33 20
2 22 33 20
2 22 33 20
2 22 33 20
2 22 33 20
2 22 33 20
2 22 33 20
2 22 33 20
2 22 33 20
2 22 33 20
2 22 33 20
2 22 33 20
2 22 33 20
2 22 33 20
2 22 33 20
2 22 33 20
2 22 33 20
2 22 33 20
2 22 33 20
2 22 33 20
2 22 33 20
2 22 33 20
2 22 33 20
2 22 33 20
2 22 33 20
2 22 33 20
2 22 33 20
2 22 33 20
2 22 33 20
2 22 33 20
2 22 33 20
2 22 33 20
2 22 33 20
2 22 33 20
2 22 33 20
2 22 33 20
2 22 33 20
2 22 33 20
2 22 33 20
2 22 33 20
2 22 33 20
2 22 33 20
2 22 33 20
2 22 33 20
2 22 33 20
2 22 33 20
2 22 33 20
2 22 33 20
2 22 33 20
2 22 33 20
2 22 33 20
2 22 33 20
2 22 33 20
2 22 33 20
2 22 33 20
2 22 33 20
2 22 33 20
2 22 33 20
2 22 33 20
2 22 33 20
2 22 33 20
2 22 33 20
2 22 33 20
2 22 33 20
2 22 33 20
2 22 33 20
2 22 33 20
2 22 33 20
2 22 33 20
2 22 33 20
2 22 33 20
2 22 33 20
2 22 33 20
2 22 33 20
2 22 33 20
2 22 33 20
2 22 33 20
2 22 33 20
2 22 33 20
2 22 33 20
2 22 33 20
2 22 33 20
2 22 33 20
2 22 33 20
2 22 33 20
2 22 33 20
2 22 33 20
2 22 33 20
2 22 33 20
2 22 33 20
2 22 33 20
2 22 33 20
2 22 33 20
2 22 33 20
2 22 33 20
2 22 33 20
2 22 33 20
2 22 33 20
2 22 33 20
2 22 33 20
2 22 33 20
2 22 33 20
2 22 33 20
2 22 33 20
2 22 33 20
2 22 33 20
2 22 33 20
2 22 33 20
2 22 33 20
2 22 33 20
2 22 33 20
2 22 33 20
2 22 33 20
2 22 33 20
2 22 33 20
2 22 33 20
2 22 33 20
2 22 33 20
2 22 33 20
2 22 33 20
2 22 33 20
2 22 33 20
2 22 33 20
2 22 33 20
2 22 33 20
2 22 33 20
2 22 33 20
2 22 33 20
2 22 33 20
2 22 33 20
2 22 33 20
2 22 33 20
2 22 33 20
2 22 33 20
2 22 33 20
2 22 33 20
2 22 33 20
2 22 33 20
2 22 33 20
2 22 33 20
2 22 33 20
2 22 33 20
2 22 33 20
2 22 33 20
2 22 33 20
2 22 33 20
2 22 33 20
2 22 33 20
2 22 33 20
2 22 33 20
2 22 33 20
2 22 33 20
2 22 33 20
2 22 33 20
2 22 33 20
2 22 33 20
2 22 33 20
2 22 33 20
2 22 33 20
2 22 33 20
2 22 33 20
2 22 33 20
2 22 33 20
2 22 33 20
2 22 33 20
2 22 33 20
2 22 33 20
2 22 33 20
2 22 33 20
2 22 33 20
2 22 33 20
2 22 33 20
2 22 33 20
2 22 33 20
2 22 33 20
2 22 33 20
2 22 33 20
2 22 33 20
2 22 33 20
2 22 33 20
2 22 33 20
2 22 33 20
2 22 33 20
2 22 33 20
2 22 33 20
2 22 33 20
2 22 33 20
2 22 33 20
2 22 33 20
2 22 33 20
2 22 33 20
2 22 33 20
2 22 33 20
2 22 33 20
2 22 33 20
2 22 33 20
2 22 33 20
2 22 33 20
2 22 33 20
ets Jul 29 2019 12:21:46

rst:ets Jul 29 2019 12:21:46

rst:ets Jul 29 2019 12:21:46

rst:ets Jul 29 2019 12:21:46

rst:ets Jul 29 2019 12:21:46

rst:ets Jul 29 2019 12:21:46

rst:ets Jul 29 2019 12:21:46

rst:ets Jul 29 2019 12:21:46

rst:ets Jul 29 2019 12:21:46

rst:ets Jul 29 2019 12:21:46

rst:ets Jul 29 2019 12:21:46

rst:ets Jul 29 2019 12:21:46

rst:ets Jul 29 2019 12:21:46

rst:ets Jul 29 2019 12:21:46

rst:ets Jul 29 2019 12:21:46

rst:ets Jul 29 2019 12:21:46

rst:ets Jul 29 2019 12:21:46

rst:ets Jul 29 2019 12:21:46

rst:ets Jul 29 2019 12:21:46

rst:ets Jul 29 2019 12:21:46

rst:ets Jul 29 2019 12:21:46

rst:ets Jul 29 2019 12:21:46

rst:ets Jul 29 2019 12:21:46

rst:ets Jul 29 2019 12:21:46

rst:ets Jul 29 2019 12:21:46

rst:ets Jul 29 2019 12:21:46

rst:ets Jul 29 2019 12:21:46

rst:ets Jul 29 2019 12:21:46

rst:ets Jul 29 2019 12:21:46

rst:ets Jul 29 2019 12:21:46

rst:ets Jul 29 2019 12:21:46

rst:ets Jul 29 2019 12:21:46

rst:ets Jul 29 2019 12:21:46

rst:ets Jul 29 2019 12:21:46

rst:ets Jul 29 2019 12:21:46

rst:ets Jul 29 2019 12:21:46

rst:ets Jul 29 2019 12:21:46

rst:ets Jul 29 2019 12:21:46

rst:ets Jul 29 2019 12:21:46

rst:ets Jul 29 2019 12:21:46

rst:ets Jul 29 2019 12:21:46

rst:ets Jul 29 2019 12:21:46

rst:ets Jul 29 2019 12:21:46

rst:ets Jul 29 2019 12:21:46

rst:ets Jul 29 2019 12:21:46

rst:ets Jul 29 2019 12:21:46

rst:ets Jul 29 2019 12:21:46

rst:0x1 (POWERON_RESET),boot:0x13 (SPI_FAST_FLASH_BOOT)
configsip: 0, SPIWP:0xee
clk_drv:0x00,q_drv:0x00,d_drv:0x00,cs0_drv:0x00,hd_drv:0x00,wp_drv:0x00
mode:DIO, clock div:2
load:0x3fff0030,len:6380
ho 0 tail 12 room 4
load:0x40078000,len:15916
load:0x40080400,len:3860
entry 0x40080638
[0;32mI (29) boot: ESP-IDF v5.5.1 2nd stage bootloader[0m
[0;32mI (29) boot: compile time Oct  9 2025 09:33:59[0m
[0;32mI (29) boot: Multicore bootloader[0m
[0;32mI (31) boot: chip revision: v3.1[0m
[0;32mI (33) boot.esp32: SPI Speed      : 40MHz[0m
[0;32mI (37) boot.esp32: SPI Mode       : DIO[0m
[0;32mI (41) boot.esp32: SPI Flash Size : 2MB[0m
[0;32mI (44) boot: Enabling RNG early entropy source...[0m
[0;32mI (49) boot: Partition Table:[0m
[0;32mI (51) boot: ## Label            Usage          Type ST Offset   Length[0m
[0;32mI (58) boot:  0 nvs              WiFi data        01 02 00009000 00006000[0m
[0;32mI (64) boot:  1 phy_init         RF data          01 01 0000f000 00001000[0m
[0;32mI (71) boot:  2 factory          factory app      00 00 00010000 00100000[0m
[0;32mI (77) boot: End of partition table[0m
[0;32mI (81) esp_image: segment 0: paddr=00010020 vaddr=3f400020 size=0ab58h ( 43864) map[0m
[0;32mI (103) esp_image: segment 1: paddr=0001ab80 vaddr=3ffb0000 size=02418h (  9240) load[0m
[0;32mI (107) esp_image: segment 2: paddr=0001cfa0 vaddr=40080000 size=03078h ( 12408) load[0m
[0;32mI (112) esp_image: segment 3: paddr=00020020 vaddr=400d0020 size=15fe8h ( 90088) map[0m
[0;32mI (145) esp_image: segment 4: paddr=00036010 vaddr=40083078 size=0aa34h ( 43572) load[0m
[0;32mI (162) esp_image: segment 5: paddr=00040a4c vaddr=50000000 size=00020h (    32) load[0m
[0;32mI (169) boot: Loaded app from partition at offset 0x10000[0m
[0;32mI (169) boot: Disabling RNG early entropy source...[0m
[0;32mI (181) cpu_start: Multicore app[0m
[0;32mI (189) cpu_start: Pro cpu start user code[0m
[0;32mI (189) cpu_start: cpu freq: 160000000 Hz[0m
[0;32mI (189) app_init: Application information:[0m
[0;32mI (189) app_init: Project name:     my_first_app[0m
[0;32mI (193) app_init: App version:      1[0m
[0;32mI (197) app_init: Compile time:     Oct  9 2025 22:07:57[0m
[0;32mI (202) app_init: ELF file SHA256:  3deeb5114...[0m
[0;32mI (206) app_init: ESP-IDF:          v5.5.1[0m
[0;32mI (210) efuse_init: Min chip rev:     v0.0[0m
[0;32mI (214) efuse_init: Max chip rev:     v3.99 [0m
[0;32mI (218) efuse_init: Chip rev:         v3.1[0m
[0;32mI (222) heap_init: Initializing. RAM available for dynamic allocation:[0m
[0;32mI (228) heap_init: At 3FFAE6E0 len 00001920 (6 KiB): DRAM[0m
[0;32mI (233) heap_init: At 3FFB2D10 len 0002D2F0 (180 KiB): DRAM[0m
[0;32mI (238) heap_init: At 3FFE0440 len 00003AE0 (14 KiB): D/IRAM[0m
[0;32mI (244) heap_init: At 3FFE4350 len 0001BCB0 (111 KiB): D/IRAM[0m
[0;32mI (249) heap_init: At 4008DAAC len 00012554 (73 KiB): IRAM[0m
[0;32mI (256) spi_flash: detected chip: generic[0m
[0;32mI (258) spi_flash: flash io: dio[0m
[0;33mW (261) spi_flash: Detected size(4096k) larger than the size in the binary image header(2048k). Using the size in the binary image header.[0m
[0;32mI (274) main_task: Started on CPU0[0m
[0;32mI (284) main_task: Calling app_main()[0m
[0;32mI (284) SPI_SLAVE: SPI Slave initialized[0m
[0;32mI (1024) SPI_SLAVE: Received: 12 22 33 20[0m
[0;32mI (3024) SPI_SLAVE: Received: 12 22 33 20[0m
[0;32mI (5024) SPI_SLAVE: Received: 12 22 33 20[0m
[0;32mI (7034) SPI_SLAVE: Received: 12 22 33 20[0m
[0;32mI (9034) SPI_SLAVE: Received: 12 22 33 20[0m
[0;32mI (11034) SPI_SLAVE: Received: 12 22 33 20[0m
[0;32mI (13034) SPI_SLAVE: Received: 12 22 33 20[0m
[0;32mI (15044) SPI_SLAVE: Received: 12 22 33 20[0m
[0;32mI (17044) SPI_SLAVE: Received: 12 22 33 20[0m
[0;32mI (19044) SPI_SLAVE: Received: 12 22 33 20[0m
[0;32mI (21054) SPI_SLAVE: Received: 12 22 33 20[0m
[0;32mI (23054) SPI_SLAVE: Received: 12 22 33 20[0m
[0;32mI (25054) SPI_SLAVE: Received: 12 22 33 20[0m
[0;32mI (27054) SPI_SLAVE: Received: 12 22 33 20[0m
[0;32mI (29064) SPI_SLAVE: Received: 12 22 33 20[0m
[0;32mI (31064) SPI_SLAVE: Received: 12 22 33 20[0m
[0;32mI (33064) SPI_SLAVE: Received: 12 22 33 20[0m
[0;32mI (35074) SPI_SLAVE: Received: 12 22 33 20[0m
[0;32mI (37074) SPI_SLAVE: Received: 12 22 33 20[0m
[0;32mI (39074) SPI_SLAVE: Received: 12 22 33 20[0m
[0;32mI (41074) SPI_SLAVE: Received: 12 22 33 20[0m
[0;32mI (43084) SPI_SLAVE: Received: 12 22 33 20[0m
[0;32mI (45084) SPI_SLAVE: Received: 12 22 33 20[0m
[0;32mI (47084) SPI_SLAVE: Received: 12 22 33 20[0m
[0;32mI (49094) SPI_SLAVE: Received: 12 22 33 20[0m
[0;32mI (51094) SPI_SLAVE: Received: 12 22 33 20[0m
[0;32mI (53094) SPI_SLAVE: Received: 12 22 33 20[0m
[0;32mI (55104) SPI_SLAVE: Received: 12 22 33 20[0m
[0;32mI (57104) SPI_SLAVE: Received: 12 22 33 20[0m
[0;32mI (59104) SPI_SLAVE: Received: 12 22 33 20[0m
[0;32mI (61104) SPI_SLAVE: Received: 12 22 33 20[0m
[0;32mI (63114) SPI_SLAVE: Received: 12 22 33 20[0m
[0;32mI (65114) SPI_SLAVE: Received: 12 22 33 20[0m
[0;32mI (67114) SPI_SLAVE: Received: 12 22 33 20[0m
[0;32mI (69124) SPI_SLAVE: Received: 12 22 33 20[0m
[0;32mI (71124) SPI_SLAVE: Received: 12 22 33 20[0m
[0;32mI (73124) SPI_SLAVE: Received: 12 22 33 20[0m
[0;32mI (75124) SPI_SLAVE: Received: 12 22 33 20[0m
[0;32mI (77134) SPI_SLAVE: Received: 12 22 33 20[0m
[0;32mI (79134) SPI_SLAVE: Received: 12 22 33 20[0m
[0;32mI (81134) SPI_SLAVE: Received: 12 22 33 20[0m
[0;32mI (83144) SPI_SLAVE: Received: 12 22 33 20[0m
[0;32mI (85144) SPI_SLAVE: Received: 12 22 33 20[0m
[0;32mI (87144) SPI_SLAVE: Received: 12 22 33 20[0m
[0;32mI (89144) SPI_SLAVE: Received: 12 22 33 20[0m
[0;32mI (91154) SPI_SLAVE: Received: 12 22 33 20[0m
[0;32mI (93154) SPI_SLAVE: Received: 12 22 33 20[0m
[0;32mI (94634) SPI_SLAVE: Received: FF 89 11 19[0m
[0;32mI (96634) SPI_SLAVE: Received: 12 22 33 29[0m
[0;32mI (98634) SPI_SLAVE: Received: 12 22 33 29[0m
[0;32mI (100644) SPI_SLAVE: Received: 12 22 33 29[0m
[0;32mI (102644) SPI_SLAVE: Received: 12 22 33 29[0m
[0;32mI (104644) SPI_SLAVE: Received: 12 22 33 29[0m
[0;32mI (106654) SPI_SLAVE: Received: 12 22 33 29[0m
[0;32mI (108654) SPI_SLAVE: Received: 12 22 33 29[0m
[0;32mI (110654) SPI_SLAVE: Received: 12 22 33 29[0m
[0;32mI (112664) SPI_SLAVE: Received: 12 22 33 29[0m
[0;32mI (114664) SPI_SLAVE: Received: 12 22 33 29[0m
[0;32mI (116664) SPI_SLAVE: Received: 12 22 33 29[0m
[0;32mI (118664) SPI_SLAVE: Received: 12 22 33 29[0m
[0;32mI (120674) SPI_SLAVE: Received: 12 22 33 29[0m
[0;32mI (122674) SPI_SLAVE: Received: 12 22 33 29[0m
[0;32mI (124674) SPI_SLAVE: Received: 12 22 33 29[0m
[0;32mI (126684) SPI_SLAVE: Received: 12 22 33 29[0m
[0;32mI (128684) SPI_SLAVE: Received: 12 22 33 29[0m
[0;32mI (130684) SPI_SLAVE: Received: 12 22 33 29[0m
[0;32mI (132684) SPI_SLAVE: Received: 12 22 33 29[0m
[0;32mI (134694) SPI_SLAVE: Received: 12 22 33 29[0m
[0;32mI (136694) SPI_SLAVE: Received: 12 22 33 29[0m
[0;32mI (138694) SPI_SLAVE: Received: 12 22 33 29[0m
[0;32mI (140704) SPI_SLAVE: Received: 12 22 31 29[0m
[0;32mI (142704) SPI_SLAVE: Received: 12 22 33 09[0m
[0;32mI (144704) SPI_SLAVE: Received: 12 22 33 29[0m
[0;32mI (146704) SPI_SLAVE: Received: 12 22 33 29[0m
[0;32mI (148714) SPI_SLAVE: Received: 12 22 13 29[0m
[0;32mI (150714) SPI_SLAVE: Received: 12 22 33 09[0m
[0;32mI (152714) SPI_SLAVE: Received: 12 22 33 29[0m
[0;32mI (154724) SPI_SLAVE: Received: 12 22 33 29[0m
[0;32mI (156724) SPI_SLAVE: Received: 12 22 33 29[0m
[0;32mI (158724) SPI_SLAVE: Received: 12 22 33 29[0m
[0;32mI (160724) SPI_SLAVE: Received: 12 22 33 29[0m
[0;32mI (162734) SPI_SLAVE: Received: 12 22 33 29[0m
[0;32mI (164734) SPI_SLAVE: Received: 12 22 33 29[0m
[0;32mI (166734) SPI_SLAVE: Received: 12 22 33 29[0m
[0;32mI (168744) SPI_SLAVE: Received: 12 22 33 29[0m
[0;32mI (170744) SPI_SLAVE: Received: 12 22 33 29[0m
[0;32mI (172744) SPI_SLAVE: Received: 12 22 33 29[0m
[0;32mI (174744) SPI_SLAVE: Received: 12 22 33 29[0m
[0;32mI (176754) SPI_SLAVE: Received: 12 22 31 29[0m
[0;32mI (178754) SPI_SLAVE: Received: 12 22 33 29[0m
[0;32mI (180754) SPI_SLAVE: Received: 12 22 33 29[0m
[0;32mI (182764) SPI_SLAVE: Received: 12 22 33 29[0m
[0;32mI (184764) SPI_SLAVE: Received: 12 22 33 09[0m
[0;32mI (186764) SPI_SLAVE: Received: 12 22 33 29[0m
[0;32mI (188764) SPI_SLAVE: Received: 12 22 33 29[0m
[0;32mI (190774) SPI_SLAVE: Received: 12 22 33 29[0m
[0;32mI (192774) SPI_SLAVE: Received: 12 22 33 29[0m
[0;32mI (194774) SPI_SLAVE: Received: 12 22 33 29[0m
[0;32mI (196784) SPI_SLAVE: Received: 02 22 33 29[0m
[0;32mI (198784) SPI_SLAVE: Received: 12 22 33 29[0m
[0;32mI (200784) SPI_SLAVE: Received: 02 22 33 29[0m
