Command: C:\Espressif\python_env\idf5.5_py3.11_env\Scripts\python.exe C:\Espressif\frameworks\esp-idf-v5.5.1\tools/idf_monitor.py -p COM20 -b 115200 --toolchain-prefix xtensa-esp32-elf- --target esp32 --revision 0 D:\my_first_app\build\my_first_app.elf D:\my_first_app\build\bootloader\bootloader.elf --force-color -m 'C:\Espressif\python_env\idf5.5_py3.11_env\Scripts\python.exe' 'C:\Espressif\frameworks\esp-idf-v5.5.1\tools\idf.py' '-p' 'COM20'
ï¿½ï¿½ets Jun  8 2016 00:22:57

rst:0x1 (POWERON_RESET),boot:0x13 (SPI_FAST_FLASH_BOOT)
configsip: 188777542, SPIWP:0xee
clk_drv:0x00,q_drv:0x00,d_drv:0x00,cs0_drv:0x00,hd_drv:0x00,wp_drv:0x00
mode:DIO, clock div:2
load:0x3fff0030,len:6380
ho 0 tail 12 room 4
load:0x40078000,len:15916
load:0x40080400,len:3860
entry 0x40080638
[0;32mI (30) boot: ESP-IDF v5.5.1 2nd stage bootloader[0m
[0;32mI (30) boot: compile time Oct  9 2025 09:33:59[0m
[0;32mI (30) boot: Multicore bootloader[0m
[0;32mI (31) boot: chip revision: v1.1[0m
[0;32mI (34) boot.esp32: SPI Speed      : 40MHz[0m
[0;32mI (38) boot.esp32: SPI Mode       : DIO[0m
[0;32mI (42) boot.esp32: SPI Flash Size : 2MB[0m
[0;32mI (45) boot: Enabling RNG early entropy source...[0m
[0;32mI (50) boot: Partition Table:[0m
[0;32mI (52) boot: ## Label            Usage          Type ST Offset   Length[0m
[0;32mI (59) boot:  0 nvs              WiFi data        01 02 00009000 00006000[0m
[0;32mI (65) boot:  1 phy_init         RF data          01 01 0000f000 00001000[0m
[0;32mI (72) boot:  2 factory          factory app      00 00 00010000 00100000[0m
[0;32mI (78) boot: End of partition table[0m
[0;32mI (81) esp_image: segment 0: paddr=00010020 vaddr=3f400020 size=0bd9ch ( 48540) map[0m
[0;32mI (105) esp_image: segment 1: paddr=0001bdc4 vaddr=3ffb0000 size=026b8h (  9912) load[0m
[0;32mI (109) esp_image: segment 2: paddr=0001e484 vaddr=40080000 size=01b94h (  7060) load[0m
[0;32mI (112) esp_image: segment 3: paddr=00020020 vaddr=400d0020 size=1aa08h (109064) map[0m
[0;32mI (154) esp_image: segment 4: paddr=0003aa30 vaddr=40081b94 size=0d9b0h ( 55728) load[0m
[0;32mI (176) esp_image: segment 5: paddr=000483e8 vaddr=50000000 size=00020h (    32) load[0m
[0;32mI (184) boot: Loaded app from partition at offset 0x10000[0m
[0;32mI (184) boot: Disabling RNG early entropy source...[0m
[0;32mI (196) cpu_start: Multicore app[0m
[0;32mI (205) cpu_start: Pro cpu start user code[0m
[0;32mI (205) cpu_start: cpu freq: 160000000 Hz[0m
[0;32mI (205) app_init: Application information:[0m
[0;32mI (205) app_init: Project name:     my_first_app[0m
[0;32mI (209) app_init: App version:      1[0m
[0;32mI (213) app_init: Compile time:     Oct 13 2025 22:05:28[0m
[0;32mI (218) app_init: ELF file SHA256:  0e74b58ef...[0m
[0;32mI (222) app_init: ESP-IDF:          v5.5.1[0m
[0;32mI (226) efuse_init: Min chip rev:     v0.0[0m
[0;32mI (230) efuse_init: Max chip rev:     v3.99 [0m
[0;32mI (234) efuse_init: Chip rev:         v1.1[0m
[0;32mI (238) heap_init: Initializing. RAM available for dynamic allocation:[0m
[0;32mI (244) heap_init: At 3FFAE6E0 len 00001920 (6 KiB): DRAM[0m
[0;32mI (249) heap_init: At 3FFB3C00 len 0002C400 (177 KiB): DRAM[0m
[0;32mI (254) heap_init: At 3FFE0440 len 00003AE0 (14 KiB): D/IRAM[0m
[0;32mI (260) heap_init: At 3FFE4350 len 0001BCB0 (111 KiB): D/IRAM[0m
[0;32mI (265) heap_init: At 4008F544 len 00010ABC (66 KiB): IRAM[0m
[0;32mI (272) spi_flash: detected chip: gd[0m
[0;32mI (274) spi_flash: flash io: dio[0m
[0;33mW (277) spi_flash: Detected size(4096k) larger than the size in the binary image header(2048k). Using the size in the binary image header.[0m
[0;32mI (289) main_task: Started on CPU0[0m
[0;32mI (299) main_task: Calling app_main()[0m
Wi-Fi STA MAC: E8:6B:EA:09:D5:24
Gateway ID: E8:6B:EA:09:D5:24
Starting UID: E86BEA09D5240001
Next UID:     E86BEA09D5240002
[0;32mI (319) main_task: Returned from app_main()[0m
[1;31mE (329) ABC: LoRa initialization success.[0m
[1;31mE (5319) task_wdt: Task watchdog got triggered. The following tasks/users did not reset the watchdog in time:[0m
[1;31mE (5319) task_wdt:  - IDLE0 (CPU 0)[0m
[1;31mE (5319) task_wdt: Tasks currently running:[0m
[1;31mE (5319) task_wdt: CPU 0: main_task[0m
[1;31mE (5319) task_wdt: CPU 1: IDLE1[0m
[1;31mE (5319) task_wdt: Print CPU 0 (current core) backtrace[0m


Backtrace: 0x400D875A:0x3FFB1180 0x400D8B1C:0x3FFB11A0 0x40082B71:0x3FFB11D0 0x400D6B85:0x3FFB7130 0x40086F3D:0x3FFB7150

[1;31mE (10319) task_wdt: Task watchdog got triggered. The following tasks/users did not reset the watchdog in time:[0m
[1;31mE (10319) task_wdt:  - IDLE0 (CPU 0)[0m
[1;31mE (10319) task_wdt: Tasks currently running:[0m
[1;31mE (10319) task_wdt: CPU 0: main_task[0m
[1;31mE (10319) task_wdt: CPU 1: IDLE1[0m
[1;31mE (10319) task_wdt: Print CPU 0 (current core) backtrace[0m


Backtrace: 0x400D875A:0x3FFB1180 0x400D8B1C:0x3FFB11A0 0x40082B71:0x3FFB11D0 0x400D6B85:0x3FFB7130 0x40086F3D:0x3FFB7150

[1;31mE (15319) task_wdt: Task watchdog got triggered. The following tasks/users did not reset the watchdog in time:[0m
[1;31mE (15319) task_wdt:  - IDLE0 (CPU 0)[0m
[1;31mE (15319) task_wdt: Tasks currently running:[0m
[1;31mE (15319) task_wdt: CPU 0: main_task[0m
[1;31mE (15319) task_wdt: CPU 1: IDLE1[0m
[1;31mE (15319) task_wdt: Print CPU 0 (current core) backtrace[0m


Backtrace: 0x400D875A:0x3FFB1180 0x400D8B1C:0x3FFB11A0 0x40082B71:0x3FFB11D0 0x400D6B85:0x3FFB7130 0x40086F3D:0x3FFB7150

[1;31mE (20319) task_wdt: Task watchdog got triggered. The following tasks/users did not reset the watchdog in time:[0m
[1;31mE (20319) task_wdt:  - IDLE0 (CPU 0)[0m
[1;31mE (20319) task_wdt: Tasks currently running:[0m
[1;31mE (20319) task_wdt: CPU 0: main_task[0m
[1;31mE (20319) task_wdt: CPU 1: IDLE1[0m
[1;31mE (20319) task_wdt: Print CPU 0 (current core) backtrace[0m


Backtrace: 0x400D875A:0x3FFB1180 0x400D8B1C:0x3FFB11A0 0x40082B71:0x3FFB11D0 0x400D6B85:0x3FFB7130 0x40086F3D:0x3FFB7150

[1;31mE (25319) task_wdt: Task watchdog got triggered. The following tasks/users did not reset the watchdog in time:[0m
[1;31mE (25319) task_wdt:  - IDLE0 (CPU 0)[0m
[1;31mE (25319) task_wdt: Tasks currently running:[0m
[1;31mE (25319) task_wdt: CPU 0: main_task[0m
[1;31mE (25319) task_wdt: CPU 1: IDLE1[0m
[1;31mE (25319) task_wdt: Print CPU 0 (current core) backtrace[0m


Backtrace: 0x400D875A:0x3FFB1180 0x400D8B1C:0x3FFB11A0 0x40082B71:0x3FFB11D0 0x400D6B85:0x3FFB7130 0x40086F3D:0x3FFB7150

[1;31mE (30319) task_wdt: Task watchdog got triggered. The following tasks/users did not reset the watchdog in time:[0m
[1;31mE (30319) task_wdt:  - IDLE0 (CPU 0)[0m
[1;31mE (30319) task_wdt: Tasks currently running:[0m
[1;31mE (30319) task_wdt: CPU 0: main_task[0m
[1;31mE (30319) task_wdt: CPU 1: IDLE1[0m
[1;31mE (30319) task_wdt: Print CPU 0 (current core) backtrace[0m


Backtrace: 0x400D875A:0x3FFB1180 0x400D8B1C:0x3FFB11A0 0x40082B71:0x3FFB11D0 0x400D6B85:0x3FFB7130 0x40086F3D:0x3FFB7150

[1;31mE (35319) task_wdt: Task watchdog got triggered. The following tasks/users did not reset the watchdog in time:[0m
[1;31mE (35319) task_wdt:  - IDLE0 (CPU 0)[0m
[1;31mE (35319) task_wdt: Tasks currently running:[0m
[1;31mE (35319) task_wdt: CPU 0: main_task[0m
[1;31mE (35319) task_wdt: CPU 1: IDLE1[0m
[1;31mE (35319) task_wdt: Print CPU 0 (current core) backtrace[0m


Backtrace: 0x400D875A:0x3FFB1180 0x400D8B1C:0x3FFB11A0 0x40082B71:0x3FFB11D0 0x400D6B85:0x3FFB7130 0x40086F3D:0x3FFB7150

[1;31mE (40319) task_wdt: Task watchdog got triggered. The following tasks/users did not reset the watchdog in time:[0m
[1;31mE (40319) task_wdt:  - IDLE0 (CPU 0)[0m
[1;31mE (40319) task_wdt: Tasks currently running:[0m
[1;31mE (40319) task_wdt: CPU 0: main_task[0m
[1;31mE (40319) task_wdt: CPU 1: IDLE1[0m
[1;31mE (40319) task_wdt: Print CPU 0 (current core) backtrace[0m


Backtrace: 0x400D875A:0x3FFB1180 0x400D8B1C:0x3FFB11A0 0x40082B71:0x3FFB11D0 0x400D6B85:0x3FFB7130 0x40086F3D:0x3FFB7150

[1;31mE (45319) task_wdt: Task watchdog got triggered. The following tasks/users did not reset the watchdog in time:[0m
[1;31mE (45319) task_wdt:  - IDLE0 (CPU 0)[0m
[1;31mE (45319) task_wdt: Tasks currently running:[0m
[1;31mE (45319) task_wdt: CPU 0: main_task[0m
[1;31mE (45319) task_wdt: CPU 1: IDLE1[0m
[1;31mE (45319) task_wdt: Print CPU 0 (current core) backtrace[0m


Backtrace: 0x400D875A:0x3FFB1180 0x400D8B1C:0x3FFB11A0 0x40082B71:0x3FFB11D0 0x400D6B85:0x3FFB7130 0x40086F3D:0x3FFB7150

[1;31mE (50319) task_wdt: Task watchdog got triggered. The following tasks/users did not reset the watchdog in time:[0m
[1;31mE (50319) task_wdt:  - IDLE0 (CPU 0)[0m
[1;31mE (50319) task_wdt: Tasks currently running:[0m
[1;31mE (50319) task_wdt: CPU 0: main_task[0m
[1;31mE (50319) task_wdt: CPU 1: IDLE1[0m
[1;31mE (50319) task_wdt: Print CPU 0 (current core) backtrace[0m


Backtrace: 0x400D875A:0x3FFB1180 0x400D8B1C:0x3FFB11A0 0x40082B71:0x3FFB11D0 0x400D6B85:0x3FFB7130 0x40086F3D:0x3FFB7150

[1;31mE (55319) task_wdt: Task watchdog got triggered. The following tasks/users did not reset the watchdog in time:[0m
[1;31mE (55319) task_wdt:  - IDLE0 (CPU 0)[0m
[1;31mE (55319) task_wdt: Tasks currently running:[0m
[1;31mE (55319) task_wdt: CPU 0: main_task[0m
[1;31mE (55319) task_wdt: CPU 1: IDLE1[0m
[1;31mE (55319) task_wdt: Print CPU 0 (current core) backtrace[0m


Backtrace: 0x400D875A:0x3FFB1180 0x400D8B1C:0x3FFB11A0 0x40082B71:0x3FFB11D0 0x400D6B85:0x3FFB7130 0x40086F3D:0x3FFB7150

ets Jun  8 2016 00:22:57

rst:0x1 (POWERON_RESET),boot:0x13 (SPI_FAST_FLASH_BOOT)
configsip: 188777542, SPIWP:0xee
clk_drv:0x00,q_drv:0x00,d_drv:0x00,cs0_drv:0x00,hd_drv:0x00,wp_drv:0x00
mode:DIO, clock div:2
load:0x3fff0030,len:6380
ho 0 tail 12 room 4
load:0x40078000,len:15916
load:0x40080400,len:3860
entry 0x40080638
[0;32mI (30) boot: ESP-IDF v5.5.1 2nd stage bootloader[0m
[0;32mI (30) boot: compile time Oct  9 2025 09:33:59[0m
[0;32mI (30) boot: Multicore bootloader[0m
[0;32mI (31) boot: chip revision: v1.1[0m
[0;32mI (34) boot.esp32: SPI Speed      : 40MHz[0m
[0;32mI (38) boot.esp32: SPI Mode       : DIO[0m
[0;32mI (41) boot.esp32: SPI Flash Size : 2MB[0m
[0;32mI (45) boot: Enabling RNG early entropy source...[0m
[0;32mI (50) boot: Partition Table:[0m
[0;32mI (52) boot: ## Label            Usage          Type ST Offset   Length[0m
[0;32mI (58) boot:  0 nvs              WiFi data        01 02 00009000 00006000[0m
[0;32mI (65) boot:  1 phy_init         RF data          01 01 0000f000 00001000[0m
[0;32mI (72) boot:  2 factory          factory app      00 00 00010000 00100000[0m
[0;32mI (78) boot: End of partition table[0m
[0;32mI (81) esp_image: segment 0: paddr=00010020 vaddr=3f400020 size=0bd9ch ( 48540) map[0m
[0;32mI (105) esp_image: segment 1: paddr=0001bdc4 vaddr=3ffb0000 size=026b8h (  9912) load[0m
[0;32mI (109) esp_image: segment 2: paddr=0001e484 vaddr=40080000 size=01b94h (  7060) load[0m
[0;32mI (112) esp_image: segment 3: paddr=00020020 vaddr=400d0020 size=1aa08h (109064) map[0m
[0;32mI (154) esp_image: segment 4: paddr=0003aa30 vaddr=40081b94 size=0d9b0h ( 55728) load[0m
[0;32mI (176) esp_image: segment 5: paddr=000483e8 vaddr=50000000 size=00020h (    32) load[0m
[0;32mI (184) boot: Loaded app from partition at offset 0x10000[0m
[0;32mI (184) boot: Disabling RNG early entropy source...[0m
[0;32mI (196) cpu_start: Multicore app[0m
[0;32mI (205) cpu_start: Pro cpu start user code[0m
[0;32mI (205) cpu_start: cpu freq: 160000000 Hz[0m
[0;32mI (205) app_init: Application information:[0m
[0;32mI (205) app_init: Project name:     my_first_app[0m
[0;32mI (209) app_init: App version:      1[0m
[0;32mI (213) app_init: Compile time:     Oct 13 2025 22:05:28[0m
[0;32mI (218) app_init: ELF file SHA256:  0e74b58ef...[0m
[0;32mI (222) app_init: ESP-IDF:          v5.5.1[0m
[0;32mI (226) efuse_init: Min chip rev:     v0.0[0m
[0;32mI (230) efuse_init: Max chip rev:     v3.99 [0m
[0;32mI (234) efuse_init: Chip rev:         v1.1[0m
[0;32mI (238) heap_init: Initializing. RAM available for dynamic allocation:[0m
[0;32mI (244) heap_init: At 3FFAE6E0 len 00001920 (6 KiB): DRAM[0m
[0;32mI (249) heap_init: At 3FFB3C00 len 0002C400 (177 KiB): DRAM[0m
I (254ï¿½ï¿½memumnmuï¿½ï¿½euï¿½ï¿½ï¿½ï¿½ï¿½ï¿½ï¿½ï¿½ï¿½ï¿½ï¿½ï¿½ï¿½5ï¿½ï¿½ï¿½ï¿½ï¿½ï¿½ï¿½-ï¿½ï¿½ï¿½ï¿½ï¿½ï¿½ï¿½ï¿½ï¿½%ï¿½ï¿½ï¿½ï¿½ï¿½ï¿½ï¿½ï¿½ï¿½ï¿½-ï¿½ï¿½ï¿½ï¿½ï¿½m-$ï¿½$$wï¿½ï¿½ï¿½ï¿½%ï¿½ï¿½m--ï¿½ï¿½5ï¿½ï¿½ï¿½ï¿½ï¿½ï¿½ï¿½moï¿½ï¿½ï¿½ï¿½gï¿½ï¿½ï¿½ï¿½wï¿½ï¿½%%,$$ï¿½$%%}5=.mï¿½ï¿½6ï¿½ï¿½) heap_init: Initializing. RAM available for dynamic allocation:
[0;32mI (244) heap_init: At 3FFAE6E0 len 00001920 (6 KiB): DRAM[0m
[0;32mI (249) heap_init: At 3FFB3C00 len 0002C400 (177 KiB): DRAM[0m
[0;32mI (254) heap_init: At 3FFE0440 len 00003AE0 (14 KiB): D/IRAM[0m
[0;32mI (260) heap_iv3.99 [0m
[0;32mI (234) efuse_init: Chip rev:         v1.1[0m
[0;32mI (238) heap_init: Initializing. RAM available for dynamic allocation:[0m
[0;32mI (244) heap_init: At 3FFAE6E0 len 00001920 (6 KiB): DRAM[0m
[0;32mI (249) heap_init: At 3FFB3C00 len 0002C400 (177 KiB): DRAM[0m
I (254= heet_mnmt:!At$3FFE5554$len$54557EE5$-5ï¿½$omF-?$D/mVEmï¿½.mï¿½,6>4-%leeumnmt?%$
i$,6ï¿½5-%ï¿½ï¿½uï¿½ï¿½mnmï¿½ï¿½%gï¿½ï¿½ï¿½$wmvï¿½%%$$$ï¿½d%%ï¿½}u=nmï¿½,?ï¿½ï¿½} heet_mnit> Initmeli~ing. REM$ewmimefmï¿½$ï¿½ov$d}nmmiomuï¿½moï¿½euï¿½onï¿½-*mï¿½,75ï¿½ï¿½$hï¿½e}}ï¿½}ï¿½ï¿½$uï¿½-ï¿½ï¿½n}mï¿½ï¿½ï¿½ï¿½ï¿½ï¿½ï¿½,ï¿½ï¿½ï¿½ï¿½ï¿½ï¿½ï¿½ï¿½ï¿½ï¿½ï¿½ï¿½ï¿½ï¿½ï¿½ï¿½ï¿½ï¿½ï¿½ï¿½ï¿½ï¿½ï¿½ï¿½ï¿½ï¿½ï¿½ets Jun  8 2016 00:22:57

rst:0x1 (POWERON_RESET),boot:0x13 (SPI_FAST_FLASH_BOOT)
configsip: 188777542, SPIWP:0xee
clk_drv:0x00,q_drv:0x00,d_drv:0x00,cs0_drv:0x00,hd_drv:0x00,wp_drv:0x00
mode:DIO, clock div:2
load:0x3fff0030,len:6380
ho 0 tail 12 room 4
load:0x40078000,len:15916
load:0x40080400,len:3860
entry 0x40080638
[0;32mI (30) boot: ESP-IDF v5.5.1 2nd stage bootloader[0m
[0;32mI (30) boot: compile time Oct  9 2025 09:33:59[0m
[0;32mI (30) boot: Multicore bootloader[0m
[0;32mI (31) boot: chip revision: v1.1[0m
[0;32mI (34) boot.esp32: SPI Speed      : 40MHz[0m
[0;32mI (38) boot.esp32: SPI Mode       : DIO[0m
[0;32mI (41) boot.esp32: SPI Flash Size : 2MB[0m
[0;32mI (45) boot: Enabling RNG early entropy source...[0m
[0;32mI (50) boot: Partition Table:[0m
[0;32mI (52) boot: ## Label            Usage          Type ST Offset   Length[0m
[0;32mI (58) boot:  0 nvs              WiFi data        01 02 00009000 00006000[0m
[0;32mI (65) boot:  1 phy_init         RF data          01 01 0000f000 00001000[0m
[0;32mI (72) boot:  2 factory          factory app      00 00 00010000 00100000[0m
[0;32mI (78) boot: End of partition table[0m
[0;32mI (81) esp_image: segment 0: paddr=00010020 vaddr=3f400020 size=0bd9ch ( 48540) map[0m
[0;32mI (105) esp_image: segment 1: paddr=0001bdc4 vaddr=3ffb0000 size=026b8h (  9912) load[0m
[0;32mI (109) esp_image: segment 2: paddr=0001e484 vaddr=40080000 size=01b94h (  7060) load[0m
[0;32mI (112) esp_image: segment 3: paddr=00020020 vaddr=400d0020 size=1aa08h (109064) map[0m
[0;32mI (154) esp_image: segment 4: paddr=0003aa30 vaddr=40081b94 size=0d9b0h ( 55728) load[0m
[0;32mI (176) esp_image: segment 5: paddr=000483e8 vaddr=50000000 size=00020h (    32) load[0m
[0;32mI (184) boot: Loaded app from partition at offset 0x10000[0m
[0;32mI (184) boot: Disabling RNG early entropy source...[0m
[0;32mI (196) cpu_start: Multicore app[0m
[0;32mI (205) cpu_start: Pro cpu start user code[0m
[0;32mI (205) cpu_start: cpu freq: 160000000 Hz[0m
[0;32mI (205) app_init: Application information:[0m
[0;32mI (205) app_init: Project name:     my_first_app[0m
[0;32mI (209) app_init: App version:      1[0m
[0;32mI (213) app_init: Compile time:     Oct 13 2025 22:05:28[0m
[0;32mI (218) app_init: ELF file SHA256:  0e74b58ef...[0m
[0;32mI (222) app_init: ESP-IDF:          v5.5.1[0m
[0;32mI (226) efuse_init: Min chip rev:     v0.0[0m
[0;32mI (230) efuse_init: Max chip rev:     v3.99 [0m
[0;32mI (234) efuse_init: Chip rev:         v1.1[0m
[0;32mI (238) heap_init: Initializing. RAM available for dynamic allocation:[0m
[0;32mI (244) heap_init: At 3FFAE6E0 len 00001920 (6 KiB): DRAM[0m
[0;32mI (249) heap_init: At 3FFB3C00 len 0002C400 (177 KiB): DRAM[0m
[0;32mI (254) heap_init: At 3FFE0440 len 00003AE0 (14 KiB): D/IRAM[0m
[0;32mI (260) heap_init: At 3FFE4350 len 0001BCB0 (111 KiB): D/IRAM[0m
[0;32mI (265) heap_init: At 4008F544 len 00010ABC (66 KiB): IRAM[0m
[0;32mI (272) spi_flash: detected chip: gd[0m
[0;32mI (274) spi_flash: flash io: dio[0m
[0;33mW (277) spi_flash: Detected size(4096k) larger than the size in the binary image header(2048k). Using the size in the binary image header.[0m
[0;32mI (289) main_task: Started on CPU0[0m
[0;32mI (299) main_task: Calling app_main()[0m
Wi-Fi STA MAC: E8:6B:EA:09:D5:24
Gateway ID: E8:6B:EA:09:D5:24
Starting UID: E86BEA09D5240001
Next UID:     E86BEA09D5240002
[0;32mI (319) main_task: Returned from app_main()[0m
[1;31mE (329) ABC: LoRa initialization success.[0m
[1;31mE (5319) task_wdt: Task watchdog got triggered. The following tasks/users did not reset the watchdog in time:[0m
[1;31mE (5319) task_wdt:  - IDLE0 (CPU 0)[0m
[1;31mE (5319) task_wdt: Tasks currently running:[0m
[1;31mE (5319) task_wdt: CPU 0: main_task[0m
[1;31mE (5319) task_wdt: CPU 1: IDLE1[0m
[1;31mE (5319) task_wdt: Print CPU 0 (current core) backtrace[0m


Backtrace: 0x400D875A:0x3FFB1180 0x400D8B1C:0x3FFB11A0 0x40082B71:0x3FFB11D0 0x400D6B85:0x3FFB7130 0x40086F3D:0x3FFB7150

[1;31mE (10319) task_wdt: Task watchdog got triggered. The following tasks/users did not reset the watchdog in time:[0m
[1;31mE (10319) task_wdt:  - IDLE0 (CPU 0)[0m
[1;31mE (10319) task_wdt: Tasks currently running:[0m
[1;31mE (10319) task_wdt: CPU 0: main_task[0m
[1;31mE (10319) task_wdt: CPU 1: IDLE1[0m
[1;31mE (10319) task_wdt: Print CPU 0 (current core) backtrace[0m


Backtrace: 0x400D875A:0x3FFB1180 0x400D8B1C:0x3FFB11A0 0x40082B71:0x3FFB11D0 0x400D6B85:0x3FFB7130 0x40086F3D:0x3FFB7150

[1;31mE (15319) task_wdt: Task watchdog got triggered. The following tasks/users did not reset the watchdog in time:[0m
[1;31mE (15319) task_wdt:  - IDLE0 (CPU 0)[0m
[1;31mE (15319) task_wdt: Tasks currently running:[0m
[1;31mE (15319) task_wdt: CPU 0: main_task[0m
[1;31mE (15319) task_wdt: CPU 1: IDLE1[0m
[1;31mE (15319) task_wdt: Print CPU 0 (current core) backtrace[0m


Backtrace: 0x400D875A:0x3FFB1180 0x400D8B1C:0x3FFB11A0 0x40082B71:0x3FFB11D0 0x400D6B85:0x3FFB7130 0x40086F3D:0x3FFB7150

[1;31mE (20319) task_wdt: Task watchdog got triggered. The following tasks/users did not reset the watchdog in time:[0m
[1;31mE (20319) task_wdt:  - IDLE0 (CPU 0)[0m
[1;31mE (20319) task_wdt: Tasks currently running:[0m
[1;31mE (20319) task_wdt: CPU 0: main_task[0m
[1;31mE (20319) task_wdt: CPU 1: IDLE1[0m
[1;31mE (20319) task_wdt: Print CPU 0 (current core) backtrace[0m


Backtrace: 0x400D875A:0x3FFB1180 0x400D8B1C:0x3FFB11A0 0x40082B71:0x3FFB11D0 0x400D6B85:0x3FFB7130 0x40086F3D:0x3FFB7150

[1;31mE (25319) task_wdt: Task watchdog got triggered. The following tasks/users did not reset the watchdog in time:[0m
[1;31mE (25319) task_wdt:  - IDLE0 (CPU 0)[0m
[1;31mE (25319) task_wdt: Tasks currently running:[0m
[1;31mE (25319) task_wdt: CPU 0: main_task[0m
[1;31mE (25319) task_wdt: CPU 1: IDLE1[0m
[1;31mE (25319) task_wdt: Print CPU 0 (current core) backtrace[0m


Backtrace: 0x400D875A:0x3FFB1180 0x400D8B1C:0x3FFB11A0 0x40082B71:0x3FFB11D0 0x400D6B85:0x3FFB7130 0x40086F3D:0x3FFB7150

[1;31mE (30319) task_wdt: Task watchdog got triggered. The following tasks/users did not reset the watchdog in time:[0m
[1;31mE (30319) task_wdt:  - IDLE0 (CPU 0)[0m
[1;31mE (30319) task_wdt: Tasks currently running:[0m
[1;31mE (30319) task_wdt: CPU 0: main_task[0m
[1;31mE (30319) task_wdt: CPU 1: IDLE1[0m
[1;31mE (30319) task_wdt: Print CPU 0 (current core) backtrace[0m


Backtrace: 0x400D875A:0x3FFB1180 0x400D8B1C:0x3FFB11A0 0x40082B71:0x3FFB11D0 0x400D6B85:0x3FFB7130 0x40086F3D:0x3FFB7150

[1;31mE (35319) task_wdt: Task watchdog got triggered. The following tasks/users did not reset the watchdog in time:[0m
[1;31mE (35319) task_wdt:  - IDLE0 (CPU 0)[0m
[1;31mE (35319) task_wdt: Tasks currently running:[0m
[1;31mE (35319) task_wdt: CPU 0: main_task[0m
[1;31mE (35319) task_wdt: CPU 1: IDLE1[0m
[1;31mE (35319) task_wdt: Print CPU 0 (current core) backtrace[0m


Backtrace: 0x400D875A:0x3FFB1180 0x400D8B1C:0x3FFB11A0 0x40082B71:0x3FFB11D0 0x400D6B85:0x3FFB7130 0x40086F3D:0x3FFB7150

[1;31mE (40319) task_wdt: Task watchdog got triggered. The following tasks/users did not reset the watchdog in time:[0m
[1;31mE (40319) task_wdt:  - IDLE0 (CPU 0)[0m
[1;31mE (40319) task_wdt: Tasks currently running:[0m
[1;31mE (40319) task_wdt: CPU 0: main_task[0m
[1;31mE (40319) task_wdt: CPU 1: IDLE1[0m
[1;31mE (40319) task_wdt: Print CPU 0 (current core) backtrace[0m


Backtrace: 0x400D875A:0x3FFB1180 0x400D8B1C:0x3FFB11A0 0x40082B71:0x3FFB11D0 0x400D6B85:0x3FFB7130 0x40086F3D:0x3FFB7150

