Command: C:\Espressif\python_env\idf5.5_py3.11_env\Scripts\python.exe C:\Espressif\frameworks\esp-idf-v5.5.1\tools/idf_monitor.py -p COM22 -b 115200 --toolchain-prefix xtensa-esp32-elf- --target esp32 --revision 0 D:\my_first_app\build\my_first_app.elf D:\my_first_app\build\bootloader\bootloader.elf --force-color -m 'C:\Espressif\python_env\idf5.5_py3.11_env\Scripts\python.exe' 'C:\Espressif\frameworks\esp-idf-v5.5.1\tools\idf.py' '-p' 'COM22'
ets Jul 29 2019 12:21:46

rst:0x1 (POWERON_RESET),boot:0x13 (SPI_FAST_FLASH_BOOT)
configsip: 0, SPIWP:0xee
clk_drv:0x00,q_drv:0x00,d_drv:0x00,cs0_drv:0x00,hd_drv:0x00,wp_drv:0x00
mode:DIO, clock div:2
load:0x3fff0030,len:6380
ho 0 tail 12 room 4
load:0x40078000,len:15916
load:0x40080400,len:3860
entry 0x40080638
[0;32mI (29) boot: ESP-IDF v5.5.1 2nd stage bootloader[0m
[0;32mI (29) boot: compile time Oct  9 2025 09:33:59[0m
[0;32mI (29) boot: Multicore bootloader[0m
[0;32mI (31) boot: chip revision: v3.1[0m
[0;32mI (33) boot.esp32: SPI Speed      : 40MHz[0m
[0;32mI (37) boot.esp32: SPI Mode       : DIO[0m
[0;32mI (41) boot.esp32: SPI Flash Size : 2MB[0m
[0;32mI (44) boot: Enabling RNG early entropy source...[0m
[0;32mI (49) boot: Partition Table:[0m
[0;32mI (51) boot: ## Label            Usage          Type ST Offset   Length[0m
[0;32mI (58) boot:  0 nvs              WiFi data        01 02 00009000 00006000[0m
[0;32mI (64) boot:  1 phy_init         RF data          01 01 0000f000 00001000[0m
[0;32mI (71) boot:  2 factory          factory app      00 00 00010000 00100000[0m
[0;32mI (77) boot: End of partition table[0m
[0;32mI (81) esp_image: segment 0: paddr=00010020 vaddr=3f400020 size=0ab68h ( 43880) map[0m
[0;32mI (103) esp_image: segment 1: paddr=0001ab90 vaddr=3ffb0000 size=02418h (  9240) load[0m
[0;32mI (107) esp_image: segment 2: paddr=0001cfb0 vaddr=40080000 size=03068h ( 12392) load[0m
[0;32mI (112) esp_image: segment 3: paddr=00020020 vaddr=400d0020 size=15fe8h ( 90088) map[0m
[0;32mI (145) esp_image: segment 4: paddr=00036010 vaddr=40083068 size=0aa44h ( 43588) load[0m
[0;32mI (162) esp_image: segment 5: paddr=00040a5c vaddr=50000000 size=00020h (    32) load[0m
[0;32mI (169) boot: Loaded app from partition at offset 0x10000[0m
[0;32mI (170) boot: Disabling RNG early entropy source...[0m
[0;32mI (181) cpu_start: Multicore app[0m
[0;32mI (189) cpu_start: Pro cpu start user code[0m
[0;32mI (189) cpu_start: cpu freq: 160000000 Hz[0m
[0;32mI (189) app_init: Application information:[0m
[0;32mI (189) app_init: Project name:     my_first_app[0m
[0;32mI (193) app_init: App version:      1[0m
I (197) app_init: Compile time:     Oct  9 2025 23:14:26
[0;32mI (202) app_init: ELF file SHA256:  4253d3a82...[0m
[0;32mI (206) app_init: ESP-IDF:          v5.5.1[0m
[0;32mI (210) efuse_init: Min chip rev:     v0.0[0m
[0;32mI (214) efuse_init: Max chip rev:     v3.99 [0m
[0;32mI (218) efuse_init: Chip rev:         v3.1[0m
[0;32mI (222) heap_init: Initializing. RAM available for dynamic allocation:[0m
[0;32mI (228) heap_init: At 3FFAE6E0 len 00001920 (6 KiB): DRAM[0m
[0;32mI (233) heap_init: At 3FFB2D10 len 0002D2F0 (180 KiB): DRAM[0m
[0;32mI (238) heap_init: At 3FFE0440 len 00003AE0 (14 KiB): D/IRAM[0m
[0;32mI (244) heap_init: At 3FFE4350 len 0001BCB0 (111 KiB): D/IRAM[0m
[0;32mI (249) heap_init: At 4008DAAC len 00012554 (73 KiB): IRAM[0m
[0;32mI (256) spi_flash: detected chip: generic[0m
[0;32mI (258) spi_flash: flash io: dio[0m
[0;33mW (261) spi_flash: Detected size(4096k) larger than the size in the binary image header(2048k). Using the size in the binary image header.[0m
[0;32mI (274) main_task: Started on CPU0[0m
[0;32mI (284) main_task: Calling app_main()[0m
[0;32mI (284) SPI_SLAVE: SPI Slave initialized[0m
[0;32mI (834) SPI_SLAVE: Received: 24 65 08 80[0m
[0;32mI (2834) SPI_SLAVE: Received: 24 65 08 80[0m
[0;32mI (4844) SPI_SLAVE: Received: AA 65 08 80[0m
[0;32mI (6844) SPI_SLAVE: Received: AA 65 08 80[0m
[0;32mI (8854) SPI_SLAVE: Received: AA 65 08 80[0m
[0;32mI (10854) SPI_SLAVE: Received: AA 65 08 80[0m
[0;32mI (12864) SPI_SLAVE: Received: AA 65 08 80[0m
[0;32mI (14864) SPI_SLAVE: Received: AA 65 08 80[0m
[0;32mI (16874) SPI_SLAVE: Received: AA 65 08 80[0m
[0;32mI (18874) SPI_SLAVE: Received: AA 65 08 80[0m
[0;32mI (20884) SPI_SLAVE: Received: AA 65 08 80[0m
[0;32mI (22884) SPI_SLAVE: Received: 00 BB 08 80[0m
[0;32mI (24894) SPI_SLAVE: Received: 00 BB 08 80[0m
[0;32mI (26894) SPI_SLAVE: Received: 00 BB 08 80[0m
[0;32mI (28904) SPI_SLAVE: Received: 00 BB 08 80[0m
[0;32mI (30904) SPI_SLAVE: Received: 00 BB 08 80[0m
[0;32mI (32914) SPI_SLAVE: Received: 00 BB 08 80[0m
[0;32mI (34914) SPI_SLAVE: Received: 00 BB 08 80[0m
[0;32mI (36284) SPI_SLAVE: Received: 00 BB 08 80[0m
[0;32mI (36284) SPI_SLAVE: Received: AA BB 08 80[0m
[0;32mI (36294) SPI_SLAVE: Received: AA BB 08 80[0m
[0;32mI (36384) SPI_SLAVE: Received: AA BB 08 80[0m
[0;32mI (36384) SPI_SLAVE: Received: AA BB 08 80[0m
[0;32mI (36394) SPI_SLAVE: Received: AA BB 08 80[0m
[0;32mI (36404) SPI_SLAVE: Received: AA BB 08 80[0m
[0;32mI (36414) SPI_SLAVE: Received: AA BB 08 80[0m
[0;32mI (36414) SPI_SLAVE: Received: AA BB 08 80[0m
[0;32mI (38424) SPI_SLAVE: Received: AA BB 08 80[0m
[0;32mI (40424) SPI_SLAVE: Received: AA BB 08 80[0m
[0;32mI (42434) SPI_SLAVE: Received: AA BB 08 80[0m
[0;32mI (44434) SPI_SLAVE: Received: AA BB 08 80[0m
[0;32mI (46444) SPI_SLAVE: Received: AA BB 08 80[0m
[0;32mI (48444) SPI_SLAVE: Received: AA BB 08 80[0m
[0;32mI (50454) SPI_SLAVE: Received: AA BB 08 80[0m
[0;32mI (52454) SPI_SLAVE: Received: AA BB 08 80[0m
[0;32mI (54464) SPI_SLAVE: Received: AA BB 08 80[0m
[0;32mI (56464) SPI_SLAVE: Received: AA BB 08 80[0m
[0;32mI (58464) SPI_SLAVE: Received: AA BB 08 80[0m
[0;32mI (60474) SPI_SLAVE: Received: AA BB 08 80[0m
[0;32mI (62474) SPI_SLAVE: Received: AA BB 08 80[0m
[0;32mI (64484) SPI_SLAVE: Received: AA BB 08 80[0m
[0;32mI (66484) SPI_SLAVE: Received: AA BB 08 80[0m
[0;32mI (68494) SPI_SLAVE: Received: AA BB 08 80[0m
[0;32mI (70494) SPI_SLAVE: Received: AA BB 08 80[0m
[0;32mI (72504) SPI_SLAVE: Received: AA BB 08 80[0m
[0;32mI (78514) SPI_SLAVE: Received: AA BB 08 80[0m
[0;32mI (84534) SPI_SLAVE: Received: AA BB 08 80[0m
[0;32mI (86534) SPI_SLAVE: Received: FF BB 08 80[0m
[0;32mI (88544) SPI_SLAVE: Received: FF BB 08 80[0m
[0;32mI (90544) SPI_SLAVE: Received: FF BB 08 80[0m
[0;32mI (92554) SPI_SLAVE: Received: FF BB 08 80[0m
[0;32mI (94554) SPI_SLAVE: Received: FF BB 08 80[0m
[0;32mI (95754) SPI_SLAVE: Received: FF BB 08 80[0m
[0;32mI (96564) SPI_SLAVE: Received: FF BB 08 80[0m
[0;32mI (98564) SPI_SLAVE: Received: FF BB 08 80[0m
[0;32mI (100574) SPI_SLAVE: Received: AA BB 08 80[0m
[0;32mI (102574) SPI_SLAVE: Received: AA BB 08 80[0m
[0;32mI (104584) SPI_SLAVE: Received: AA BB 08 80[0m
[0;32mI (106584) SPI_SLAVE: Received: AA BB 08 80[0m
ets Jul 29 2019 12:21:46

rst:0x1 (POWERON_RESET),boot:0x13 (SPI_FAST_FLASH_BOOT)
configsip: 0, SPIWP:0xee
clk_drv:0x00,q_drv:0x00,d_drv:0x00,cs0_drv:0x00,hd_drv:0x00,wp_drv:0x00
mode:DIO, clock div:2
load:0x3fff0030,len:6380
ho 0 tail 12 room 4
load:0x40078000,len:15916
load:0x40080400,len:3860
entry 0x40080638
[0;32mI (29) boot: ESP-IDF v5.5.1 2nd stage bootloader[0m
[0;32mI (29) boot: compile time Oct  9 2025 09:33:59[0m
[0;32mI (29) boot: Multicore bootloader[0m
[0;32mI (31) boot: chip revision: v3.1[0m
[0;32mI (33) boot.esp32: SPI Speed      : 40MHz[0m
[0;32mI (37) boot.esp32: SPI Mode       : DIO[0m
[0;32mI (41) boot.esp32: SPI Flash Size : 2MB[0m
[0;32mI (44) boot: Enabling RNG early entropy source...[0m
[0;32mI (49) boot: Partition Table:[0m
[0;32mI (51) boot: ## Label            Usage          Type ST Offset   Length[0m
[0;32mI (58) boot:  0 nvs              WiFi data        01 02 00009000 00006000[0m
[0;32mI (64) boot:  1 phy_init         RF data          01 01 0000f000 00001000[0m
[0;32mI (71) boot:  2 factory          factory app      00 00 00010000 00100000[0m
[0;32mI (77) boot: End of partition table[0m
[0;32mI (81) esp_image: segment 0: paddr=00010020 vaddr=3f400020 size=0ab68h ( 43880) map[0m
[0;32mI (103) esp_image: segment 1: paddr=0001ab90 vaddr=3ffb0000 size=02418h (  9240) load[0m
[0;32mI (107) esp_image: segment 2: paddr=0001cfb0 vaddr=40080000 size=03068h ( 12392) load[0m
[0;32mI (112) esp_image: segment 3: paddr=00020020 vaddr=400d0020 size=15fe8h ( 90088) map[0m
[0;32mI (145) esp_image: segment 4: paddr=00036010 vaddr=40083068 size=0aa44h ( 43588) load[0m
[0;32mI (162) esp_image: segment 5: paddr=00040a5c vaddr=50000000 size=00020h (    32) load[0m
[0;32mI (169) boot: Loaded app from partition at offset 0x10000[0m
[0;32mI (169) boot: Disabling RNG early entropy source...[0m
[0;32mI (181) cpu_start: Multicore app[0m
[0;32mI (189) cpu_start: Pro cpu start user code[0m
[0;32mI (189) cpu_start: cpu freq: 160000000 Hz[0m
[0;32mI (189) app_init: Application information:[0m
[0;32mI (189) app_init: Project name:     my_first_app[0m
[0;32mI (193) app_init: App version:      1[0m
[0;32mI (197) app_init: Compile time:     Oct  9 2025 23:14:26[0m
[0;32mI (202) app_init: ELF file SHA256:  4253d3a82...[0m
[0;32mI (206) app_init: ESP-IDF:          v5.5.1[0m
[0;32mI (210) efuse_init: Min chip rev:     v0.0[0m
[0;32mI (214) efuse_init: Max chip rev:     v3.99 [0m
[0;32mI (218) efuse_init: Chip rev:         v3.1[0m
[0;32mI (222) heap_init: Initializing. RAM available for dynamic allocation:[0m
[0;32mI (228) heap_init: At 3FFAE6E0 len 00001920 (6 KiB): DRAM[0m
[0;32mI (233) heap_init: At 3FFB2D10 len 0002D2F0 (180 KiB): DRAM[0m
[0;32mI (238) heap_init: At 3FFE0440 len 00003AE0 (14 KiB): D/IRAM[0m
[0;32mI (244) heap_init: At 3FFE4350 len 0001BCB0 (111 KiB): D/IRAM[0m
[0;32mI (249) heap_init: At 4008DAAC len 00012554 (73 KiB): IRAM[0m
[0;32mI (256) spi_flash: detected chip: generic[0m
[0;32mI (258) spi_flash: flash io: dio[0m
[0;33mW (261) spi_flash: Detected size(4096k) larger than the size in the binary image header(2048k). Using the size in the binary image header.[0m
[0;32mI (274) main_task: Started on CPU0[0m
[0;32mI (284) main_task: Calling app_main()[0m
[0;32mI (284) SPI_SLAVE: SPI Slave initialized[0m
ets Jul 29 2019 12:21:46

rst:0x1 (POWERON_RESET),boot:0x13 (SPI_FAST_FLASH_BOOT)
configsip: 0, SPIWP:0xee
clk_drv:0x00,q_drv:0x00,d_drv:0x00,cs0_drv:0x00,hd_drv:0x00,wp_drv:0x00
mode:DIO, clock div:2
load:0x3fff0030,len:6380
ho 0 tail 12 room 4
load:0x40078000,len:15916
load:0x40080400,len:3860
entry 0x40080638
[0;32mI (29) boot: ESP-IDF v5.5.1 2nd stage bootloader[0m
[0;32mI (29) boot: compile time Oct  9 2025 09:33:59[0m
[0;32mI (29) boot: Multicore bootloader[0m
[0;32mI (31) boot: chip revision: v3.1[0m
[0;32mI (33) boot.esp32: SPI Speed      : 40MHz[0m
[0;32mI (37) boot.esp32: SPI Mode       : DIO[0m
[0;32mI (41) boot.esp32: SPI Flash Size : 2MB[0m
[0;32mI (44) boot: Enabling RNG early entropy source...[0m
[0;32mI (49) boot: Partition Table:[0m
[0;32mI (51) boot: ## Label            Usage          Type ST Offset   Length[0m
[0;32mI (58) boot:  0 nvs              WiFi data        01 02 00009000 00006000[0m
[0;32mI (64) boot:  1 phy_init         RF data          01 01 0000f000 00001000[0m
[0;32mI (71) boot:  2 factory          factory app      00 00 00010000 00100000[0m
[0;32mI (77) boot: End of partition table[0m
[0;32mI (81) esp_image: segment 0: paddr=00010020 vaddr=3f400020 size=0ab68h ( 43880) map[0m
[0;32mI (103) esp_image: segment 1: paddr=0001ab90 vaddr=3ffb0000 size=02418h (  9240) load[0m
[0;32mI (107) esp_image: segment 2: paddr=0001cfb0 vaddr=40080000 size=03068h ( 12392) load[0m
[0;32mI (112) esp_image: segment 3: paddr=00020020 vaddr=400d0020 size=15fe8h ( 90088) map[0m
[0;32mI (145) esp_image: segment 4: paddr=00036010 vaddr=40083068 size=0aa44h ( 43588) load[0m
[0;32mI (162) esp_image: segment 5: paddr=00040a5c vaddr=50000000 size=00020h (    32) load[0m
[0;32mI (169) boot: Loaded app from partition at offset 0x10000[0m
[0;32mI (169) boot: Disabling RNG early entropy source...[0m
[0;32mI (181) cpu_start: Multicore app[0m
[0;32mI (189) cpu_start: Pro cpu start user code[0m
[0;32mI (189) cpu_start: cpu freq: 160000000 Hz[0m
[0;32mI (189) app_init: Application information:[0m
[0;32mI (189) app_init: Project name:     my_first_app[0m
[0;32mI (193) app_init: App version:      1[0m
[0;32mI (197) app_init: Compile time:     Oct  9 2025 23:14:26[0m
[0;32mI (202) app_init: ELF file SHA256:  4253d3a82...[0m
[0;32mI (206) app_init: ESP-IDF:          v5.5.1[0m
[0;32mI (210) efuse_init: Min chip rev:     v0.0[0m
[0;32mI (214) efuse_init: Max chip rev:     v3.99 [0m
[0;32mI (218) efuse_init: Chip rev:         v3.1[0m
[0;32mI (222) heap_init: Initializing. RAM available for dynamic allocation:[0m
[0;32mI (228) heap_init: At 3FFAE6E0 len 00001920 (6 KiB): DRAM[0m
[0;32mI (233) heap_init: At 3FFB2D10 len 0002D2F0 (180 KiB): DRAM[0m
[0;32mI (238) heap_init: At 3FFE0440 len 00003AE0 (14 KiB): D/IRAM[0m
[0;32mI (244) heap_init: At 3FFE4350 len 0001BCB0 (111 KiB): D/IRAM[0m
[0;32mI (249) heap_init: At 4008DAAC len 00012554 (73 KiB): IRAM[0m
[0;32mI (256) spi_flash: detected chip: generic[0m
[0;32mI (258) spi_flash: flash io: dio[0m
[0;33mW (261) spi_flash: Detected size(4096k) larger than the size in the binary image header(2048k). Using the size in the binary image header.[0m
[0;32mI (274) main_task: Started on CPU0[0m
[0;32mI (284) main_task: Calling app_main()[0m
[0;32mI (284) SPI_SLAVE: SPI Slave initialized[0m
[0;32mI (2244) SPI_SLAVE: Received: 24 65 08 80[0m
[0;32mI (4244) SPI_SLAVE: Received: 24 65 08 80[0m
ets Jul 29 2019 12:21:46

rst:0x1 (POWERON_RESET),boot:0x13 (SPI_FAST_FLASH_BOOT)
configsip: 0, SPIWP:0xee
clk_drv:0x00,q_drv:0x00,d_drv:0x00,cs0_drv:0x00,hd_drv:0x00,wp_drv:0x00
mode:DIO, clock div:2
load:0x3fff0030,len:6380
ho 0 tail 12 room 4
load:0x40078000,len:15916
load:0x40080400,len:3860
entry 0x40080638
[0;32mI (29) boot: ESP-IDF v5.5.1 2nd stage bootloader[0m
[0;32mI (29) boot: compile time Oct  9 2025 09:33:59[0m
[0;32mI (29) boot: Multicore bootloader[0m
[0;32mI (31) boot: chip revision: v3.1[0m
[0;32mI (33) boot.esp32: SPI Speed      : 40MHz[0m
[0;32mI (37) boot.esp32: SPI Mode       : DIO[0m
[0;32mI (41) boot.esp32: SPI Flash Size : 2MB[0m
[0;32mI (44) boot: Enabling RNG early entropy source...[0m
[0;32mI (49) boot: Partition Table:[0m
[0;32mI (51) boot: ## Label            Usage          Type ST Offset   Length[0m
[0;32mI (58) boot:  0 nvs              WiFi data        01 02 00009000 00006000[0m
[0;32mI (64) boot:  1 phy_init         RF data          01 01 0000f000 00001000[0m
[0;32mI (71) boot:  2 factory          factory app      00 00 00010000 00100000[0m
[0;32mI (77) boot: End of partition table[0m
[0;32mI (81) esp_image: segment 0: paddr=00010020 vaddr=3f400020 size=0ab68h ( 43880) map[0m
[0;32mI (103) esp_image: segment 1: paddr=0001ab90 vaddr=3ffb0000 size=02418h (  9240) load[0m
[0;32mI (107) esp_image: segment 2: paddr=0001cfb0 vaddr=40080000 size=03068h ( 12392) load[0m
[0;32mI (112) esp_image: segment 3: paddr=00020020 vaddr=400d0020 size=15fe8h ( 90088) map[0m
[0;32mI (145) esp_image: segment 4: paddr=00036010 vaddr=40083068 size=0aa44h ( 43588) load[0m
[0;32mI (162) esp_image: segment 5: paddr=00040a5c vaddr=50000000 size=00020h (    32) load[0m
[0;32mI (169) boot: Loaded app from partition at offset 0x10000[0m
[0;32mI (170) boot: Disabling RNG early entropy source...[0m
[0;32mI (181) cpu_start: Multicore app[0m
[0;32mI (189) cpu_start: Pro cpu start user code[0m
[0;32mI (189) cpu_start: cpu freq: 160000000 Hz[0m
[0;32mI (189) app_init: Application information:[0m
[0;32mI (189) app_init: Project name:     my_first_app[0m
[0;32mI (193) app_init: App version:      1[0m
[0;32mI (197) app_init: Compile time:     Oct  9 2025 23:14:26[0m
[0;32mI (202) app_init: ELF file SHA256:  4253d3a82...[0m
[0;32mI (206) app_init: ESP-IDF:          v5.5.1[0m
[0;32mI (210) efuse_init: Min chip rev:     v0.0[0m
[0;32mI (214) efuse_init: Max chip rev:     v3.99 [0m
[0;32mI (218) efuse_init: Chip rev:         v3.1[0m
[0;32mI (222) heap_init: Initializing. RAM available for dynamic allocation:[0m
[0;32mI (228) heap_init: At 3FFAE6E0 len 00001920 (6 KiB): DRAM[0m
[0;32mI (233) heap_init: At 3FFB2D10 len 0002D2F0 (180 KiB): DRAM[0m
[0;32mI (238) heap_init: At 3FFE0440 len 00003AE0 (14 KiB): D/IRAM[0m
[0;32mI (244) heap_init: At 3FFE4350 len 0001BCB0 (111 KiB): D/IRAM[0m
[0;32mI (249) heap_init: At 4008DAAC len 00012554 (73 KiB): IRAM[0m
[0;32mI (256) spi_flash: detected chip: generic[0m
[0;32mI (258) spi_flash: flash io: dio[0m
[0;33mW (261) spi_flash: Detected size(4096k) larger than the size in the binary image header(2048k). Using the size in the binary image header.[0m
[0;32mI (274) main_task: Started on CPU0[0m
[0;32mI (284) main_task: Calling app_main()[0m
[0;32mI (284) SPI_SLAVE: SPI Slave initialized[0m
[0;32mI (1214) SPI_SLAVE: Received: AA 65 08 80[0m
[0;32mI (3224) SPI_SLAVE: Received: AA 65 08 80[0m
[0;32mI (5224) SPI_SLAVE: Received: AA 65 08 80[0m
[0;32mI (7234) SPI_SLAVE: Received: AA 65 08 80[0m
ï¿½ï¿½ï¿½ï¿½ï¿½ï¿½ï¿½ï¿½ï¿½ï¿½ï¿½ï¿½ï¿½ï¿½ï¿½ï¿½ï¿½ï¿½ï¿½ï¿½ï¿½ï¿½ï¿½ï¿½ï¿½ï¿½ï¿½ï¿½ï¿½ï¿½ï¿½ï¿½ï¿½ï¿½ï¿½ï¿½ï¿½ï¿½ï¿½ï¿½ï¿½ï¿½ï¿½ï¿½ï¿½ï¿½ï¿½ï¿½ï¿½ï¿½ï¿½ï¿½ï¿½ï¿½ï¿½ï¿½ï¿½ï¿½ï¿½ï¿½ï¿½ï¿½ï¿½ï¿½ 65 08 80
[0;32mI (11244) SPI_SLAVE: Received: AA 65 08 80[0m
[0;32mI (13244) SPI_SLAVE: Received: AA 65 08 80[0m
[0;32mI (15254) SPI_SLAVE: Received: AA 65 08 80[0m
[0;32mI (17254) SPI_SLAVE: Received: AA 65 08 80[0m
[0;32mI (19264) SPI_SLAVE: Received: AA 65 08 80[0m
[0;32mI (21264) SPI_SLAVE: Received: AA 65 08 80[0m
[0;32mI (23274) SPI_SLAVE: Received: AA 65 08 80[0m
[0;32mI (25274) SPI_SLAVE: Received: AA 65 08 80[0m
[0;32mI (27284) SPI_SLAVE: Received: FF FF CC 80[0m
[0;32mI (29284) SPI_SLAVE: Received: FF FF CC 80[0m
[0;32mI (31294) SPI_SLAVE: Received: FF FF CC 80[0m
[0;32mI (33294) SPI_SLAVE: Received: FF FF CC 80[0m
[0;32mI (35304) SPI_SLAVE: Received: FF FF CC 80[0m
[0;32mI (37304) SPI_SLAVE: Received: FF FF CC 80[0m
[0;32mI (39314) SPI_SLAVE: Received: FF FF CC 80[0m
[0;32mI (41314) SPI_SLAVE: Received: FF FF CC 80[0m
[0;32mI (43324) SPI_SLAVE: Received: FF FF CC 80[0m
[0;32mI (45324) SPI_SLAVE: Received: FF FF CC 80[0m
[0;32mI (47334) SPI_SLAVE: Received: FF FF CC 80[0m
[0;32mI (49334) SPI_SLAVE: Received: FF FF CC 80[0m
[0;32mI (51344) SPI_SLAVE: Received: FF FF CC 80[0m
[0;32mI (53344) SPI_SLAVE: Received: FF FF CC 80[0m
[0;32mI (55354) SPI_SLAVE: Received: FF FF CC 80[0m
[0;32mI (57354) SPI_SLAVE: Received: FF FF CC 80[0m
[0;32mI (59364) SPI_SLAVE: Received: FF FF CC 80[0m
[0;32mI (61364) SPI_SLAVE: Received: FF BB CC 80[0m
[0;32mI (63374) SPI_SLAVE: Received: FF BB CC 80[0m
[0;32mI (65374) SPI_SLAVE: Received: FF BB CC 80[0m
[0;32mI (67384) SPI_SLAVE: Received: AA BB CC 80[0m
[0;32mI (69384) SPI_SLAVE: Received: AA BB CC 80[0m
[0;32mI (71394) SPI_SLAVE: Received: AA BB CC 80[0m
[0;32mI (73394) SPI_SLAVE: Received: AA BB CC 80[0m
[0;32mI (75404) SPI_SLAVE: Received: AA BB CC 80[0m
[0;32mI (77404) SPI_SLAVE: Received: AA BB CC 80[0m
[0;32mI (79414) SPI_SLAVE: Received: AA BB CC 80[0m
[0;32mI (81414) SPI_SLAVE: Received: AA BB CC 80[0m
[0;32mI (83414) SPI_SLAVE: Received: AA BB CC 80[0m
[0;32mI (85424) SPI_SLAVE: Received: AA BB CC 80[0m
[0;32mI (87424) SPI_SLAVE: Received: AA BB CC 80[0m
[0;32mI (89434) SPI_SLAVE: Received: AA BB CC 80[0m
[0;32mI (91434) SPI_SLAVE: Received: FF FF CC 80[0m
[0;32mI (93444) SPI_SLAVE: Received: FF FF CC 80[0m
[0;32mI (95444) SPI_SLAVE: Received: FF FF CC 80[0m
[0;32mI (97454) SPI_SLAVE: Received: FF FF CC 80[0m
[0;32mI (99454) SPI_SLAVE: Received: FF FF CC 80[0m
[0;32mI (101464) SPI_SLAVE: Received: FF FF CC 80[0m
[0;32mI (103464) SPI_SLAVE: Received: FF FF CC 80[0m
[0;32mI (105474) SPI_SLAVE: Received: FF FF CC 80[0m
