Command: C:\Espressif\python_env\idf5.5_py3.11_env\Scripts\python.exe C:\Espressif\frameworks\esp-idf-v5.5.1\tools/idf_monitor.py -p COM20 -b 115200 --toolchain-prefix xtensa-esp32-elf- --target esp32 --revision 0 D:\my_first_app\build\my_first_app.elf D:\my_first_app\build\bootloader\bootloader.elf --force-color -m 'C:\Espressif\python_env\idf5.5_py3.11_env\Scripts\python.exe' 'C:\Espressif\frameworks\esp-idf-v5.5.1\tools\idf.py' '-p' 'COM20'
ets Jun  8 2016 00:22:57

rst:0x1 (POWERON_RESET),boot:0x13 (SPI_FAST_FLASH_BOOT)
configsip: 188777542, SPIWP:0xee
clk_drv:0x00,q_drv:0x00,d_drv:0x00,cs0_drv:0x00,hd_drv:0x00,wp_drv:0x00
mode:DIO, clock div:2
load:0x3fff0030,len:6380
ho 0 tail 12 room 4
load:0x40078000,len:15916
load:0x40080400,len:3860
entry 0x40080638
[0;32mI (30) boot: ESP-IDF v5.5.1 2nd stage bootloader[0m
[0;32mI (30) boot: compile time Oct  9 2025 09:33:59[0m
[0;32mI (30) boot: Multicore bootloader[0m
[0;32mI (31) boot: chip revision: v1.1[0m
[0;32mI (34) boot.esp32: SPI Speed      : 40MHz[0m
[0;32mI (38) boot.esp32: SPI Mode       : DIO[0m
[0;32mI (42) boot.esp32: SPI Flash Size : 2MB[0m
[0;32mI (45) boot: Enabling RNG early entropy source...[0m
[0;32mI (50) boot: Partition Table:[0m
[0;32mI (52) boot: ## Label            Usage          Type ST Offset   Length[0m
[0;32mI (59) boot:  0 nvs              WiFi data        01 02 00009000 00006000[0m
[0;32mI (65) boot:  1 phy_init         RF data          01 01 0000f000 00001000[0m
[0;32mI (72) boot:  2 factory          factory app      00 00 00010000 00100000[0m
[0;32mI (78) boot: End of partition table[0m
[0;32mI (81) esp_image: segment 0: paddr=00010020 vaddr=3f400020 size=1c380h (115584) map[0m
[0;32mI (128) esp_image: segment 1: paddr=0002c3a8 vaddr=3ffb0000 size=03c70h ( 15472) load[0m
[0;32mI (134) esp_image: segment 2: paddr=00030020 vaddr=400d0020 size=8f7ech (587756) map[0m
[0;32mI (335) esp_image: segment 3: paddr=000bf814 vaddr=3ffb3c70 size=002ach (   684) load[0m
[0;32mI (336) esp_image: segment 4: paddr=000bfac8 vaddr=40080000 size=17fe0h ( 98272) load[0m
[0;32mI (378) esp_image: segment 5: paddr=000d7ab0 vaddr=50000000 size=00020h (    32) load[0m
[0;32mI (389) boot: Loaded app from partition at offset 0x10000[0m
[0;32mI (390) boot: Disabling RNG early entropy source...[0m
[0;32mI (400) cpu_start: Multicore app[0m
[0;32mI (408) cpu_start: Pro cpu start user code[0m
[0;32mI (409) cpu_start: cpu freq: 160000000 Hz[0m
[0;32mI (409) app_init: Application information:[0m
[0;32mI (409) app_init: Project name:     my_first_app[0m
[0;32mI (413) app_init: App version:      1[0m
[0;32mI (416) app_init: Compile time:     Oct 14 2025 12:52:55[0m
[0;32mI (421) app_init: ELF file SHA256:  0e4577911...[0m
[0;32mI (426) app_init: ESP-IDF:          v5.5.1[0m
[0;32mI (430) efuse_init: Min chip rev:     v0.0[0m
[0;32mI (433) efuse_init: Max chip rev:     v3.99 [0m
[0;32mI (437) efuse_init: Chip rev:         v1.1[0m
[0;32mI (441) heap_init: Initializing. RAM available for dynamic allocation:[0m
[0;32mI (448) heap_init: At 3FFAE6E0 len 00001920 (6 KiB): DRAM[0m
[0;32mI (453) heap_init: At 3FFB8008 len 00027FF8 (159 KiB): DRAM[0m
[0;32mI (458) heap_init: At 3FFE0440 len 00003AE0 (14 KiB): D/IRAM[0m
[0;32mI (463) heap_init: At 3FFE4350 len 0001BCB0 (111 KiB): D/IRAM[0m
[0;32mI (469) heap_init: At 40097FE0 len 00008020 (32 KiB): IRAM[0m
[0;32mI (476) spi_flash: detected chip: gd[0m
[0;32mI (477) spi_flash: flash io: dio[0m
[0;33mW (480) spi_flash: Detected size(4096k) larger than the size in the binary image header(2048k). Using the size in the binary image header.[0m
[0;32mI (493) main_task: Started on CPU0[0m
[0;32mI (503) main_task: Calling app_main()[0m
[0;32mI (543) wifi:wifi driver task: 3ffc0a70, prio:23, stack:6656, core=0[0m
[0;32mI (563) wifi:wifi firmware version: 14da9b7[0m
[0;32mI (563) wifi:wifi certification version: v7.0[0m
[0;32mI (563) wifi:config NVS flash: enabled[0m
[0;32mI (563) wifi:config nano formatting: disabled[0m
[0;32mI (563) wifi:Init data frame dynamic rx buffer num: 32[0m
[0;32mI (573) wifi:Init static rx mgmt buffer num: 5[0m
[0;32mI (573) wifi:Init management short buffer num: 32[0m
[0;32mI (573) wifi:Init dynamic tx buffer num: 32[0m
[0;32mI (583) wifi:Init static rx buffer size: 1600[0m
[0;32mI (583) wifi:Init static rx buffer num: 10[0m
[0;32mI (593) wifi:Init dynamic rx buffer num: 32[0m
[0;32mI (593) wifi_init: rx ba win: 6[0m
[0;32mI (593) wifi_init: accept mbox: 6[0m
[0;32mI (603) wifi_init: tcpip mbox: 32[0m
[0;32mI (603) wifi_init: udp mbox: 6[0m
[0;32mI (603) wifi_init: tcp mbox: 6[0m
[0;32mI (603) wifi_init: tcp tx win: 5760[0m
[0;32mI (613) wifi_init: tcp rx win: 5760[0m
[0;32mI (613) wifi_init: tcp mss: 1440[0m
[0;32mI (613) wifi_init: WiFi IRAM OP enabled[0m
[0;32mI (623) wifi_init: WiFi RX IRAM OP enabled[0m
[0;32mI (623) WIFI_STA: Target SSID: 'Tiem Giat'[0m
[0;32mI (623) WIFI_STA: Connecting to Wi-Fi SSID='Tiem Giat' ...[0m
[0;32mI (633) WIFI_STA: Using password '14141414'[0m
[0;32mI (643) phy_init: phy_version 4861,b71b5ad,Aug  5 2025,11:16:06[0m
[0;32mI (723) wifi:mode : sta (e8:6b:ea:09:d5:24)[0m
[0;32mI (723) wifi:enable tsf[0m
[0;32mI (743) wifi:new:<2,0>, old:<1,0>, ap:<255,255>, sta:<2,0>, prof:6, snd_ch_cfg:0x0[0m
[0;32mI (743) wifi:state: init -> auth (0xb0)[0m
[0;32mI (743) wifi:state: auth -> assoc (0x0)[0m
[0;32mI (753) wifi:state: assoc -> run (0x10)[0m
[0;32mI (863) wifi:connected with Tiem Giat, aid = 2, channel 2, BW20, bssid = e0:19:54:ec:76:db[0m
[0;32mI (863) wifi:security: WPA2-PSK, phy: bgn, rssi: -47[0m
[0;32mI (863) wifi:pm start, type: 1[0m

[0;32mI (863) wifi:dp: 1, bi: 102400, li: 3, scale listen interval from 307200 us to 307200 us[0m
[0;32mI (873) WIFI_STA: Associated to AP[0m
[0;32mI (903) wifi:AP's beacon interval = 102400 us, DTIM period = 1[0m
[0;32mI (3063) wifi:<ba-add>idx:0 (ifx:0, e0:19:54:ec:76:db), tid:0, ssn:0, winSize:64[0m
[0;32mI (4113) esp_netif_handlers: sta ip: 192.168.1.13, mask: 255.255.255.0, gw: 192.168.1.1[0m
[0;32mI (4113) WIFI_STA: Got IP: 192.168.1.13[0m
[0;32mI (4113) APP: Wi-Fi OK â†’ start your Gateway/MQTT here[0m
[0;32mI (4113) main_task: Returned from app_main()[0m
